// Jest Snapshot v1, https://goo.gl/fbAQLP

exports[`App snapshot test 1`] = `
<div
  className="site-content"
>
  <h1>
    This is the home page
  </h1>
</div>
`;
