// Jest Snapshot v1, https://goo.gl/fbAQLP

exports[`App snapshot test 1`] = `
<footer
  className="footer"
>
  <p
    className="footer-company-name no-margin"
  >
    StackOver-Lite Â© 2018
  </p>
</footer>
`;
