// Jest Snapshot v1, https://goo.gl/fbAQLP

exports[`NotFound snapshot test 1`] = `
<div>
  <h1>
    404 Page Not Found!
  </h1>
</div>
`;
