// Jest Snapshot v1, https://goo.gl/fbAQLP

exports[`App snapshot test 1`] = `
<Provider
  store={
    Object {
      "dispatch": [Function],
      "getState": [Function],
      "replaceReducer": [Function],
      "subscribe": [Function],
      Symbol(observable): [Function],
    }
  }
>
  <PersistGate
    loading={null}
    persistor={
      Object {
        "dispatch": [Function],
        "flush": [Function],
        "getState": [Function],
        "pause": [Function],
        "persist": [Function],
        "purge": [Function],
        "replaceReducer": [Function],
        "subscribe": [Function],
        Symbol(observable): [Function],
      }
    }
  >
    <BrowserRouter>
      <Connect(withRouter(Header)) />
      <Switch>
        <Route
          component={[Function]}
          exact={true}
          key="/"
          path="/"
        />
        <Route
          component={[Function]}
          exact={true}
          key="/results"
          path="/results"
        />
        <Route
          component={[Function]}
          exact={true}
          key="/signup"
          path="/signup"
        />
        <Route
          component={[Function]}
          exact={true}
          key="/login"
          path="/login"
        />
        <Route
          component={[Function]}
          exact={true}
          key="/post-question"
          path="/post-question"
        />
        <Route
          component={[Function]}
        />
      </Switch>
      <Footer />
      <Connect(ReduxToastr)
        closeOnToastrClick={true}
        newestOnTop={true}
        position="top-right"
        preventDuplicates={true}
        progressBar={true}
        timeOut={6000}
        transitionIn="fadeIn"
        transitionOut="fadeOut"
      />
    </BrowserRouter>
  </PersistGate>
</Provider>
`;
