// Jest Snapshot v1, https://goo.gl/fbAQLP

exports[`App snapshot test 1`] = `
<div
  className="loader-overlay"
>
  <i
    className="fas fa-circle-notch"
  />
</div>
`;
